


ARM Macro Assembler    Page 1 


    1 00000000         
    2 00000000                 AREA             asm_functions, CODE, READONLY
    3 00000000                 EXPORT           sopra_la_media
    4 00000000         
    5 00000000         sopra_la_media
    6 00000000 46EC            MOV              R12, sp
    7 00000002 E92D 4DF0       STMFD            sp!, {r4-r8, r10-r11, lr}
    8 00000006         
    9 00000006         ;ro = VETT
   10 00000006         ;r1 = N
   11 00000006         
   12 00000006         ;1. trovo valore medio
   13 00000006 EB00 0301       add              r3, r0, r1  ;indirizzo fine di 
                                                            VETT
   14 0000000A F100 0200       add              r2, r0, #0  ;indirizzo di parte
                                                            nza di r0, lo salvo
                                                             perchè mi serve du
                                                            e volte
   15 0000000E F04F 0400       mov              r4, #0      ;r4 conterrà la med
                                                            ia
   16 00000012         loop_media
   17 00000012 7815            ldrb             r5, [r2]    ;carico byte in r5
   18 00000014 442C            add              r4, r4, r5  ;sommo tutti i valo
                                                            ri uno ad uno
   19 00000016         
   20 00000016 F102 0201       add              r2, r2,#1
   21 0000001A 429A            cmp              r2, r3
   22 0000001C D1F9            bne              loop_media  ;finchè non ho ragg
                                                            iunto la fine, bran
                                                            ch a loop_media
   23 0000001E         
   24 0000001E FBB4 F4F1       udiv             r4, r4, r1  ;media = sommavalor
                                                            i/#valori
   25 00000022         
   26 00000022         ;2. trovo i valori > media
   27 00000022 F04F 0600       mov              r6,#0       ;inizializzo counte
                                                            r valori > media
   28 00000026         loop_search
   29 00000026 7805            ldrb             r5, [r0]    ;carico byte in r5
   30 00000028 42A5            cmp              r5,r4
   31 0000002A BF88 1C76       addhi            r6,r6,#1    ;se valore caricato
                                                             in r5 > media, inc
                                                            rementa il counter
   32 0000002E         ;else vai avanti nella ricerca
   33 0000002E F100 0001       add              r0, r0,#1
   34 00000032 4298            cmp              r0, r3
   35 00000034 D1F7            bne              loop_search ;finchè non ho ragg
                                                            iunto la fine, bran
                                                            ch a loop_searcb
   36 00000036         
   37 00000036         ;setup value for R0 to return R6, cioè il counter di val
                       ori maggiori della media
   38 00000036 4630            MOV              R0, R6
   39 00000038         
   40 00000038         ;restore volatile registers
   41 00000038 E8BD 8DF0       LDMFD            sp!, {r4-r8, r10-r11, pc}
   42 0000003C         
   43 0000003C                 END                          ;
Command Line: --debug --xref --diag_suppress=9931 --cpu=Cortex-M3 --apcs=interw



ARM Macro Assembler    Page 2 


ork --depend=.\asm_funct.d -o.\asm_funct.o -I.\RTE\_Target_1 -IC:\Users\mario\A
ppData\Local\Arm\Packs\ARM\CMSIS\5.8.0\CMSIS\Core\Include -IC:\Users\mario\AppD
ata\Local\Arm\Packs\Keil\LPC1700_DFP\2.7.0\Device\Include --predefine="__EVAL S
ETA 1" --predefine="__UVISION_VERSION SETA 536" --predefine="_RTE_ SETA 1" --pr
edefine="LPC175x_6x SETA 1" --predefine="_RTE_ SETA 1" --list=.\asm_funct.lst R
IT\ASM_funct.s



ARM Macro Assembler    Page 1 Alphabetic symbol ordering
Relocatable symbols

asm_functions 00000000

Symbol: asm_functions
   Definitions
      At line 2 in file RIT\ASM_funct.s
   Uses
      None
Comment: asm_functions unused
loop_media 00000012

Symbol: loop_media
   Definitions
      At line 16 in file RIT\ASM_funct.s
   Uses
      At line 22 in file RIT\ASM_funct.s
Comment: loop_media used once
loop_search 00000026

Symbol: loop_search
   Definitions
      At line 28 in file RIT\ASM_funct.s
   Uses
      At line 35 in file RIT\ASM_funct.s
Comment: loop_search used once
sopra_la_media 00000000

Symbol: sopra_la_media
   Definitions
      At line 5 in file RIT\ASM_funct.s
   Uses
      At line 3 in file RIT\ASM_funct.s
Comment: sopra_la_media used once
4 symbols
338 symbols in table
